// Jest Snapshot v1, https://goo.gl/fbAQLP

exports[`modal opening 1`] = `
<body>
  <div>
    <div
      class="machine main d-flex"
    >
      <div
        class="leftmenu d-flex flex-column"
      >
        <h5
          class="menu_header"
        >
          Machine Type
        </h5>
        <div
          class="menu_dropdown mb-3"
        >
          <div
            class="mb-3"
          >
            <div
              style="width: 300px;"
            >
              <div
                class=" css-b62m3t-container"
              >
                <span
                  class="css-1f43avz-a11yText-A11yText"
                  id="react-select-8-live-region"
                />
                <span
                  aria-atomic="false"
                  aria-live="polite"
                  aria-relevant="additions text"
                  class="css-1f43avz-a11yText-A11yText"
                />
                <div
                  class=" css-1ks0iez-control"
                >
                  <div
                    class=" css-319lph-ValueContainer"
                  >
                    <div
                      class=" css-14el2xx-placeholder"
                      id="react-select-8-placeholder"
                    >
                      Select Machine
                    </div>
                    <div
                      class=" css-6j8wv5-Input"
                      data-value=""
                    >
                      <input
                        aria-autocomplete="list"
                        aria-controls="react-select-8-listbox"
                        aria-describedby="react-select-8-placeholder"
                        aria-expanded="false"
                        aria-haspopup="true"
                        aria-owns="react-select-8-listbox"
                        autocapitalize="none"
                        autocomplete="off"
                        autocorrect="off"
                        class=""
                        id="needleinput"
                        role="combobox"
                        spellcheck="false"
                        style="opacity: 1; width: 100%; grid-area: 1 / 2; min-width: 2px; border: 0px; margin: 0px; outline: 0; padding: 0px;"
                        tabindex="0"
                        type="text"
                        value=""
                      />
                    </div>
                  </div>
                  <div
                    class=" css-1hb7zxy-IndicatorsContainer"
                  >
                    <span
                      class=" css-43ykx9-indicatorSeparator"
                    />
                    <div
                      aria-hidden="true"
                      class=" css-ithc8m-indicatorContainer"
                    >
                      <svg
                        aria-hidden="true"
                        class="css-tj5bde-Svg"
                        focusable="false"
                        height="20"
                        viewBox="0 0 20 20"
                        width="20"
                      >
                        <path
                          d="M4.516 7.548c0.436-0.446 1.043-0.481 1.576 0l3.908 3.747 3.908-3.747c0.533-0.481 1.141-0.446 1.574 0 0.436 0.445 0.408 1.197 0 1.615-0.406 0.418-4.695 4.502-4.695 4.502-0.217 0.223-0.502 0.335-0.787 0.335s-0.57-0.112-0.789-0.335c0 0-4.287-4.084-4.695-4.502s-0.436-1.17 0-1.615z"
                        />
                      </svg>
                    </div>
                  </div>
                </div>
              </div>
            </div>
          </div>
          <div
            class="mb-3"
          >
            <div
              style="width: 300px;"
            >
              <div
                class=" css-b62m3t-container"
              >
                <span
                  class="css-1f43avz-a11yText-A11yText"
                  id="react-select-9-live-region"
                />
                <span
                  aria-atomic="false"
                  aria-live="polite"
                  aria-relevant="additions text"
                  class="css-1f43avz-a11yText-A11yText"
                />
                <div
                  class=" css-1ks0iez-control"
                >
                  <div
                    class=" css-319lph-ValueContainer"
                  >
                    <div
                      class=" css-14el2xx-placeholder"
                      id="react-select-9-placeholder"
                    >
                      Select Brand
                    </div>
                    <div
                      class=" css-6j8wv5-Input"
                      data-value=""
                    >
                      <input
                        aria-autocomplete="list"
                        aria-controls="react-select-9-listbox"
                        aria-describedby="react-select-9-placeholder"
                        aria-expanded="false"
                        aria-haspopup="true"
                        aria-owns="react-select-9-listbox"
                        autocapitalize="none"
                        autocomplete="off"
                        autocorrect="off"
                        class=""
                        id="react-select-9-input"
                        role="combobox"
                        spellcheck="false"
                        style="opacity: 1; width: 100%; grid-area: 1 / 2; min-width: 2px; border: 0px; margin: 0px; outline: 0; padding: 0px;"
                        tabindex="0"
                        type="text"
                        value=""
                      />
                    </div>
                  </div>
                  <div
                    class=" css-1hb7zxy-IndicatorsContainer"
                  >
                    <span
                      class=" css-43ykx9-indicatorSeparator"
                    />
                    <div
                      aria-hidden="true"
                      class=" css-ithc8m-indicatorContainer"
                    >
                      <svg
                        aria-hidden="true"
                        class="css-tj5bde-Svg"
                        focusable="false"
                        height="20"
                        viewBox="0 0 20 20"
                        width="20"
                      >
                        <path
                          d="M4.516 7.548c0.436-0.446 1.043-0.481 1.576 0l3.908 3.747 3.908-3.747c0.533-0.481 1.141-0.446 1.574 0 0.436 0.445 0.408 1.197 0 1.615-0.406 0.418-4.695 4.502-4.695 4.502-0.217 0.223-0.502 0.335-0.787 0.335s-0.57-0.112-0.789-0.335c0 0-4.287-4.084-4.695-4.502s-0.436-1.17 0-1.615z"
                        />
                      </svg>
                    </div>
                  </div>
                </div>
              </div>
            </div>
          </div>
          <div
            class="mb-3"
          >
            <div
              style="width: 300px;"
            >
              <div
                class=" css-b62m3t-container"
              >
                <span
                  class="css-1f43avz-a11yText-A11yText"
                  id="react-select-10-live-region"
                />
                <span
                  aria-atomic="false"
                  aria-live="polite"
                  aria-relevant="additions text"
                  class="css-1f43avz-a11yText-A11yText"
                />
                <div
                  class=" css-1ks0iez-control"
                >
                  <div
                    class=" css-319lph-ValueContainer"
                  >
                    <div
                      class=" css-14el2xx-placeholder"
                      id="react-select-10-placeholder"
                    >
                      Select Technology
                    </div>
                    <div
                      class=" css-6j8wv5-Input"
                      data-value=""
                    >
                      <input
                        aria-autocomplete="list"
                        aria-controls="react-select-10-listbox"
                        aria-describedby="react-select-10-placeholder"
                        aria-expanded="false"
                        aria-haspopup="true"
                        aria-owns="react-select-10-listbox"
                        autocapitalize="none"
                        autocomplete="off"
                        autocorrect="off"
                        class=""
                        id="react-select-10-input"
                        role="combobox"
                        spellcheck="false"
                        style="opacity: 1; width: 100%; grid-area: 1 / 2; min-width: 2px; border: 0px; margin: 0px; outline: 0; padding: 0px;"
                        tabindex="0"
                        type="text"
                        value=""
                      />
                    </div>
                  </div>
                  <div
                    class=" css-1hb7zxy-IndicatorsContainer"
                  >
                    <span
                      class=" css-43ykx9-indicatorSeparator"
                    />
                    <div
                      aria-hidden="true"
                      class=" css-ithc8m-indicatorContainer"
                    >
                      <svg
                        aria-hidden="true"
                        class="css-tj5bde-Svg"
                        focusable="false"
                        height="20"
                        viewBox="0 0 20 20"
                        width="20"
                      >
                        <path
                          d="M4.516 7.548c0.436-0.446 1.043-0.481 1.576 0l3.908 3.747 3.908-3.747c0.533-0.481 1.141-0.446 1.574 0 0.436 0.445 0.408 1.197 0 1.615-0.406 0.418-4.695 4.502-4.695 4.502-0.217 0.223-0.502 0.335-0.787 0.335s-0.57-0.112-0.789-0.335c0 0-4.287-4.084-4.695-4.502s-0.436-1.17 0-1.615z"
                        />
                      </svg>
                    </div>
                  </div>
                </div>
              </div>
            </div>
          </div>
        </div>
        <h5
          class="menu_machine_numbers"
        >
          Add the No. of machines
        </h5>
        <div
          class="mb-3"
        >
          <div
            class="machine_input ms-2 mb-3"
          >
            <input
              class="form-control"
              placeholder="0"
              type="text"
            />
          </div>
          <div
            class="ms-2 mb-3"
          >
            <button
              class="btn btn-secondary submit btn btn-primary"
              disabled=""
              type="button"
            >
              Submit
            </button>
          </div>
          <div
            class="iot_switch ms-2"
          >
            <p
              class=""
            >
              IOT Enabled
            </p>
            <div
              class="form-switch"
            >
              <input
                class="form-check-input"
                data-testid="custom-element"
                type="checkbox"
              />
            </div>
          </div>
          <div
            class=""
          >
            <button
              class="btn btn-secondary reset_switch  btn btn-primary"
              type="button"
            >
              Reset
            </button>
          </div>
        </div>
      </div>
      <div
        class="rightmenu d-flex flex-column"
      >
        <div
          class="facility d-flex"
        >
          <img
            alt=""
            src="Vector3.svg"
          />
          <p>
            Facility 1
          </p>
          <p>
            |
          </p>
          <img
            alt=""
            src="Vector3.svg"
          />
          <p>
            Facility 2
          </p>
          <p>
            |
          </p>
          <img
            alt=""
            src="Vector3.svg"
          />
          <p>
            Facility 3
          </p>
          <p>
            |
          </p>
        </div>
        <div
          class="box py-5 mt-2"
        >
          <div
            class="scroll pb-3"
          >
            <div
              class="scrollbar-container ps"
            >
              <div
                class="ps__rail-x"
                style="left: 0px; top: 0px;"
              >
                <div
                  class="ps__thumb-x"
                  style="left: 0px; width: 0px;"
                  tabindex="0"
                />
              </div>
              <div
                class="ps__rail-y"
                style="top: 0px; left: 0px;"
              >
                <div
                  class="ps__thumb-y"
                  style="top: 0px; height: 0px;"
                  tabindex="0"
                />
              </div>
            </div>
          </div>
          <div
            class="summary"
          >
            <a
              aria-disabled="true"
              class="btn btn-primary btn-sm disabled"
              data-testid="mySummary"
              role="button"
            >
              Summary
              <svg
                fill="currentColor"
                height="1em"
                stroke="currentColor"
                stroke-width="0"
                viewBox="0 0 24 24"
                width="1em"
                xmlns="http://www.w3.org/2000/svg"
              >
                <g>
                  <path
                    d="M0 0h24v24H0z"
                    fill="none"
                  />
                  <path
                    d="M12.172 12L9.343 9.172l1.414-1.415L15 12l-4.243 4.243-1.414-1.415z"
                  />
                </g>
              </svg>
            </a>
          </div>
        </div>
        <div
          class="bottom_text d-flex justify-content-center"
        >
          <img
            alt=""
            src="BottomIcon.svg"
          />
          <h6>
            Add machinary information to view the summary.
          </h6>
        </div>
      </div>
    </div>
  </div>
</body>
`;
